Archive member included to satisfy reference by file (symbol)

d:/program files (x86)/7.0/toolchain/avr8/avr8-gnu-toolchain/bin/../lib/gcc/avr/5.4.0/avr5\libgcc.a(_exit.o)
                              D:/Program Files (x86)/7.0/Packs/atmel/ATmega_DFP/1.6.364/gcc/dev/atmega32a/avr5/crtatmega32a.o (exit)
d:/program files (x86)/7.0/toolchain/avr8/avr8-gnu-toolchain/bin/../lib/gcc/avr/5.4.0/avr5\libgcc.a(_copy_data.o)
                              main.o (__do_copy_data)
d:/program files (x86)/7.0/toolchain/avr8/avr8-gnu-toolchain/bin/../lib/gcc/avr/5.4.0/avr5\libgcc.a(_clear_bss.o)
                              ADC_Program.o (__do_clear_bss)
d:/program files (x86)/7.0/toolchain/avr8/avr8-gnu-toolchain/bin/../lib/gcc/avr/5.4.0/avr5\libgcc.a(_umulhisi3.o)
                              main.o (__umulhisi3)

Allocating common symbols
Common symbol       size              file

Pin_Number          0x1               DIO_Program.o
temp                0x2               main.o
State               0x1               ADC_Program.o

Discarded input sections

 .data          0x00000000        0x0 D:/Program Files (x86)/7.0/Packs/atmel/ATmega_DFP/1.6.364/gcc/dev/atmega32a/avr5/crtatmega32a.o
 .bss           0x00000000        0x0 D:/Program Files (x86)/7.0/Packs/atmel/ATmega_DFP/1.6.364/gcc/dev/atmega32a/avr5/crtatmega32a.o
 .text          0x00000000        0x0 ADC_Program.o
 .data          0x00000000        0x0 ADC_Program.o
 .bss           0x00000000        0x0 ADC_Program.o
 COMMON         0x00000000        0x1 ADC_Program.o
 .text          0x00000000        0x0 DIO_Program.o
 .data          0x00000000        0x0 DIO_Program.o
 .bss           0x00000000        0x0 DIO_Program.o
 .text.DIO_u8SetPortValue
                0x00000000       0x20 DIO_Program.o
 .text.DIO_u8SetPortDirection
                0x00000000       0x20 DIO_Program.o
 COMMON         0x00000000        0x1 DIO_Program.o
 .text          0x00000000        0x0 eeprom.o
 .data          0x00000000        0x0 eeprom.o
 .bss           0x00000000        0x0 eeprom.o
 .text          0x00000000        0x0 EXTI_Program.o
 .data          0x00000000        0x0 EXTI_Program.o
 .bss           0x00000000        0x0 EXTI_Program.o
 .text          0x00000000        0x0 GIE_Program.o
 .data          0x00000000        0x0 GIE_Program.o
 .bss           0x00000000        0x0 GIE_Program.o
 .text.GIE_voidDisable
                0x00000000        0x8 GIE_Program.o
 .text          0x00000000        0x0 main.o
 .data          0x00000000        0x0 main.o
 .bss           0x00000000        0x0 main.o
 .text          0x00000000        0x0 Seven_Segment.o
 .data          0x00000000        0x0 Seven_Segment.o
 .bss           0x00000000        0x0 Seven_Segment.o
 .text.Seven_SEGMENT_Enable1
                0x00000000        0xc Seven_Segment.o
 .text.Seven_SEGMENT_Enable2
                0x00000000        0xc Seven_Segment.o
 .text.Seven_SEGMENT_Disable1
                0x00000000        0xc Seven_Segment.o
 .text.Seven_SEGMENT_Disable2
                0x00000000        0xc Seven_Segment.o
 .text          0x00000000        0x0 Timer_Program.o
 .data          0x00000000        0x0 Timer_Program.o
 .bss           0x00000000        0x0 Timer_Program.o
 .text.TIMER0_voidSetCTCValue
                0x00000000        0x4 Timer_Program.o
 .text.TIMER2_voidSetCTCValue
                0x00000000        0x4 Timer_Program.o
 .text          0x00000000        0x0 d:/program files (x86)/7.0/toolchain/avr8/avr8-gnu-toolchain/bin/../lib/gcc/avr/5.4.0/avr5\libgcc.a(_exit.o)
 .data          0x00000000        0x0 d:/program files (x86)/7.0/toolchain/avr8/avr8-gnu-toolchain/bin/../lib/gcc/avr/5.4.0/avr5\libgcc.a(_exit.o)
 .bss           0x00000000        0x0 d:/program files (x86)/7.0/toolchain/avr8/avr8-gnu-toolchain/bin/../lib/gcc/avr/5.4.0/avr5\libgcc.a(_exit.o)
 .text.libgcc.mul
                0x00000000        0x0 d:/program files (x86)/7.0/toolchain/avr8/avr8-gnu-toolchain/bin/../lib/gcc/avr/5.4.0/avr5\libgcc.a(_exit.o)
 .text.libgcc.div
                0x00000000        0x0 d:/program files (x86)/7.0/toolchain/avr8/avr8-gnu-toolchain/bin/../lib/gcc/avr/5.4.0/avr5\libgcc.a(_exit.o)
 .text.libgcc   0x00000000        0x0 d:/program files (x86)/7.0/toolchain/avr8/avr8-gnu-toolchain/bin/../lib/gcc/avr/5.4.0/avr5\libgcc.a(_exit.o)
 .text.libgcc.prologue
                0x00000000        0x0 d:/program files (x86)/7.0/toolchain/avr8/avr8-gnu-toolchain/bin/../lib/gcc/avr/5.4.0/avr5\libgcc.a(_exit.o)
 .text.libgcc.builtins
                0x00000000        0x0 d:/program files (x86)/7.0/toolchain/avr8/avr8-gnu-toolchain/bin/../lib/gcc/avr/5.4.0/avr5\libgcc.a(_exit.o)
 .text.libgcc.fmul
                0x00000000        0x0 d:/program files (x86)/7.0/toolchain/avr8/avr8-gnu-toolchain/bin/../lib/gcc/avr/5.4.0/avr5\libgcc.a(_exit.o)
 .text.libgcc.fixed
                0x00000000        0x0 d:/program files (x86)/7.0/toolchain/avr8/avr8-gnu-toolchain/bin/../lib/gcc/avr/5.4.0/avr5\libgcc.a(_exit.o)
 .text          0x00000000        0x0 d:/program files (x86)/7.0/toolchain/avr8/avr8-gnu-toolchain/bin/../lib/gcc/avr/5.4.0/avr5\libgcc.a(_copy_data.o)
 .data          0x00000000        0x0 d:/program files (x86)/7.0/toolchain/avr8/avr8-gnu-toolchain/bin/../lib/gcc/avr/5.4.0/avr5\libgcc.a(_copy_data.o)
 .bss           0x00000000        0x0 d:/program files (x86)/7.0/toolchain/avr8/avr8-gnu-toolchain/bin/../lib/gcc/avr/5.4.0/avr5\libgcc.a(_copy_data.o)
 .text.libgcc.mul
                0x00000000        0x0 d:/program files (x86)/7.0/toolchain/avr8/avr8-gnu-toolchain/bin/../lib/gcc/avr/5.4.0/avr5\libgcc.a(_copy_data.o)
 .text.libgcc.div
                0x00000000        0x0 d:/program files (x86)/7.0/toolchain/avr8/avr8-gnu-toolchain/bin/../lib/gcc/avr/5.4.0/avr5\libgcc.a(_copy_data.o)
 .text.libgcc   0x00000000        0x0 d:/program files (x86)/7.0/toolchain/avr8/avr8-gnu-toolchain/bin/../lib/gcc/avr/5.4.0/avr5\libgcc.a(_copy_data.o)
 .text.libgcc.prologue
                0x00000000        0x0 d:/program files (x86)/7.0/toolchain/avr8/avr8-gnu-toolchain/bin/../lib/gcc/avr/5.4.0/avr5\libgcc.a(_copy_data.o)
 .text.libgcc.builtins
                0x00000000        0x0 d:/program files (x86)/7.0/toolchain/avr8/avr8-gnu-toolchain/bin/../lib/gcc/avr/5.4.0/avr5\libgcc.a(_copy_data.o)
 .text.libgcc.fmul
                0x00000000        0x0 d:/program files (x86)/7.0/toolchain/avr8/avr8-gnu-toolchain/bin/../lib/gcc/avr/5.4.0/avr5\libgcc.a(_copy_data.o)
 .text.libgcc.fixed
                0x00000000        0x0 d:/program files (x86)/7.0/toolchain/avr8/avr8-gnu-toolchain/bin/../lib/gcc/avr/5.4.0/avr5\libgcc.a(_copy_data.o)
 .text          0x00000000        0x0 d:/program files (x86)/7.0/toolchain/avr8/avr8-gnu-toolchain/bin/../lib/gcc/avr/5.4.0/avr5\libgcc.a(_clear_bss.o)
 .data          0x00000000        0x0 d:/program files (x86)/7.0/toolchain/avr8/avr8-gnu-toolchain/bin/../lib/gcc/avr/5.4.0/avr5\libgcc.a(_clear_bss.o)
 .bss           0x00000000        0x0 d:/program files (x86)/7.0/toolchain/avr8/avr8-gnu-toolchain/bin/../lib/gcc/avr/5.4.0/avr5\libgcc.a(_clear_bss.o)
 .text.libgcc.mul
                0x00000000        0x0 d:/program files (x86)/7.0/toolchain/avr8/avr8-gnu-toolchain/bin/../lib/gcc/avr/5.4.0/avr5\libgcc.a(_clear_bss.o)
 .text.libgcc.div
                0x00000000        0x0 d:/program files (x86)/7.0/toolchain/avr8/avr8-gnu-toolchain/bin/../lib/gcc/avr/5.4.0/avr5\libgcc.a(_clear_bss.o)
 .text.libgcc   0x00000000        0x0 d:/program files (x86)/7.0/toolchain/avr8/avr8-gnu-toolchain/bin/../lib/gcc/avr/5.4.0/avr5\libgcc.a(_clear_bss.o)
 .text.libgcc.prologue
                0x00000000        0x0 d:/program files (x86)/7.0/toolchain/avr8/avr8-gnu-toolchain/bin/../lib/gcc/avr/5.4.0/avr5\libgcc.a(_clear_bss.o)
 .text.libgcc.builtins
                0x00000000        0x0 d:/program files (x86)/7.0/toolchain/avr8/avr8-gnu-toolchain/bin/../lib/gcc/avr/5.4.0/avr5\libgcc.a(_clear_bss.o)
 .text.libgcc.fmul
                0x00000000        0x0 d:/program files (x86)/7.0/toolchain/avr8/avr8-gnu-toolchain/bin/../lib/gcc/avr/5.4.0/avr5\libgcc.a(_clear_bss.o)
 .text.libgcc.fixed
                0x00000000        0x0 d:/program files (x86)/7.0/toolchain/avr8/avr8-gnu-toolchain/bin/../lib/gcc/avr/5.4.0/avr5\libgcc.a(_clear_bss.o)
 .text          0x00000000        0x0 d:/program files (x86)/7.0/toolchain/avr8/avr8-gnu-toolchain/bin/../lib/gcc/avr/5.4.0/avr5\libgcc.a(_umulhisi3.o)
 .data          0x00000000        0x0 d:/program files (x86)/7.0/toolchain/avr8/avr8-gnu-toolchain/bin/../lib/gcc/avr/5.4.0/avr5\libgcc.a(_umulhisi3.o)
 .bss           0x00000000        0x0 d:/program files (x86)/7.0/toolchain/avr8/avr8-gnu-toolchain/bin/../lib/gcc/avr/5.4.0/avr5\libgcc.a(_umulhisi3.o)
 .text.libgcc.div
                0x00000000        0x0 d:/program files (x86)/7.0/toolchain/avr8/avr8-gnu-toolchain/bin/../lib/gcc/avr/5.4.0/avr5\libgcc.a(_umulhisi3.o)
 .text.libgcc   0x00000000        0x0 d:/program files (x86)/7.0/toolchain/avr8/avr8-gnu-toolchain/bin/../lib/gcc/avr/5.4.0/avr5\libgcc.a(_umulhisi3.o)
 .text.libgcc.prologue
                0x00000000        0x0 d:/program files (x86)/7.0/toolchain/avr8/avr8-gnu-toolchain/bin/../lib/gcc/avr/5.4.0/avr5\libgcc.a(_umulhisi3.o)
 .text.libgcc.builtins
                0x00000000        0x0 d:/program files (x86)/7.0/toolchain/avr8/avr8-gnu-toolchain/bin/../lib/gcc/avr/5.4.0/avr5\libgcc.a(_umulhisi3.o)
 .text.libgcc.fmul
                0x00000000        0x0 d:/program files (x86)/7.0/toolchain/avr8/avr8-gnu-toolchain/bin/../lib/gcc/avr/5.4.0/avr5\libgcc.a(_umulhisi3.o)
 .text.libgcc.fixed
                0x00000000        0x0 d:/program files (x86)/7.0/toolchain/avr8/avr8-gnu-toolchain/bin/../lib/gcc/avr/5.4.0/avr5\libgcc.a(_umulhisi3.o)

Memory Configuration

Name             Origin             Length             Attributes
text             0x00000000         0x00008000         xr
data             0x00800060         0x00000800         rw !x
eeprom           0x00810000         0x00000400         rw !x
fuse             0x00820000         0x00000002         rw !x
lock             0x00830000         0x00000400         rw !x
signature        0x00840000         0x00000400         rw !x
user_signatures  0x00850000         0x00000400         rw !x
*default*        0x00000000         0xffffffff

Linker script and memory map

LOAD D:/Program Files (x86)/7.0/Packs/atmel/ATmega_DFP/1.6.364/gcc/dev/atmega32a/avr5/crtatmega32a.o
LOAD ADC_Program.o
LOAD DIO_Program.o
LOAD eeprom.o
LOAD EXTI_Program.o
LOAD GIE_Program.o
LOAD main.o
LOAD Seven_Segment.o
LOAD Timer_Program.o
START GROUP
LOAD d:/program files (x86)/7.0/toolchain/avr8/avr8-gnu-toolchain/bin/../lib/gcc/avr/5.4.0/../../../../avr/lib/avr5\libm.a
END GROUP
START GROUP
LOAD d:/program files (x86)/7.0/toolchain/avr8/avr8-gnu-toolchain/bin/../lib/gcc/avr/5.4.0/avr5\libgcc.a
LOAD d:/program files (x86)/7.0/toolchain/avr8/avr8-gnu-toolchain/bin/../lib/gcc/avr/5.4.0/../../../../avr/lib/avr5\libm.a
LOAD d:/program files (x86)/7.0/toolchain/avr8/avr8-gnu-toolchain/bin/../lib/gcc/avr/5.4.0/../../../../avr/lib/avr5\libc.a
LOAD D:/Program Files (x86)/7.0/Packs/atmel/ATmega_DFP/1.6.364/gcc/dev/atmega32a/avr5\libatmega32a.a
END GROUP
                [0x00000000]                __TEXT_REGION_ORIGIN__ = DEFINED (__TEXT_REGION_ORIGIN__)?__TEXT_REGION_ORIGIN__:0x0
                [0x00800060]                __DATA_REGION_ORIGIN__ = DEFINED (__DATA_REGION_ORIGIN__)?__DATA_REGION_ORIGIN__:0x800060
                [0x00008000]                __TEXT_REGION_LENGTH__ = DEFINED (__TEXT_REGION_LENGTH__)?__TEXT_REGION_LENGTH__:0x20000
                [0x00000800]                __DATA_REGION_LENGTH__ = DEFINED (__DATA_REGION_LENGTH__)?__DATA_REGION_LENGTH__:0xffa0
                [0x00000400]                __EEPROM_REGION_LENGTH__ = DEFINED (__EEPROM_REGION_LENGTH__)?__EEPROM_REGION_LENGTH__:0x10000
                [0x00000002]                __FUSE_REGION_LENGTH__ = DEFINED (__FUSE_REGION_LENGTH__)?__FUSE_REGION_LENGTH__:0x400
                0x00000400                __LOCK_REGION_LENGTH__ = DEFINED (__LOCK_REGION_LENGTH__)?__LOCK_REGION_LENGTH__:0x400
                0x00000400                __SIGNATURE_REGION_LENGTH__ = DEFINED (__SIGNATURE_REGION_LENGTH__)?__SIGNATURE_REGION_LENGTH__:0x400
                0x00000400                __USER_SIGNATURE_REGION_LENGTH__ = DEFINED (__USER_SIGNATURE_REGION_LENGTH__)?__USER_SIGNATURE_REGION_LENGTH__:0x400

.hash
 *(.hash)

.dynsym
 *(.dynsym)

.dynstr
 *(.dynstr)

.gnu.version
 *(.gnu.version)

.gnu.version_d
 *(.gnu.version_d)

.gnu.version_r
 *(.gnu.version_r)

.rel.init
 *(.rel.init)

.rela.init
 *(.rela.init)

.rel.text
 *(.rel.text)
 *(.rel.text.*)
 *(.rel.gnu.linkonce.t*)

.rela.text
 *(.rela.text)
 *(.rela.text.*)
 *(.rela.gnu.linkonce.t*)

.rel.fini
 *(.rel.fini)

.rela.fini
 *(.rela.fini)

.rel.rodata
 *(.rel.rodata)
 *(.rel.rodata.*)
 *(.rel.gnu.linkonce.r*)

.rela.rodata
 *(.rela.rodata)
 *(.rela.rodata.*)
 *(.rela.gnu.linkonce.r*)

.rel.data
 *(.rel.data)
 *(.rel.data.*)
 *(.rel.gnu.linkonce.d*)

.rela.data
 *(.rela.data)
 *(.rela.data.*)
 *(.rela.gnu.linkonce.d*)

.rel.ctors
 *(.rel.ctors)

.rela.ctors
 *(.rela.ctors)

.rel.dtors
 *(.rel.dtors)

.rela.dtors
 *(.rela.dtors)

.rel.got
 *(.rel.got)

.rela.got
 *(.rela.got)

.rel.bss
 *(.rel.bss)

.rela.bss
 *(.rela.bss)

.rel.plt
 *(.rel.plt)

.rela.plt
 *(.rela.plt)

.text           0x00000000      0x902
 *(.vectors)
 .vectors       0x00000000       0x54 D:/Program Files (x86)/7.0/Packs/atmel/ATmega_DFP/1.6.364/gcc/dev/atmega32a/avr5/crtatmega32a.o
                0x00000000                __vector_default
                0x00000000                __vectors
 *(.vectors)
 *(.progmem.gcc*)
                0x00000054                . = ALIGN (0x2)
                0x00000054                __trampolines_start = .
 *(.trampolines)
 .trampolines   0x00000054        0x0 linker stubs
 *(.trampolines*)
                0x00000054                __trampolines_end = .
 *libprintf_flt.a:*(.progmem.data)
 *libc.a:*(.progmem.data)
 *(.progmem*)
                0x00000054                . = ALIGN (0x2)
 *(.jumptables)
 *(.jumptables*)
 *(.lowtext)
 *(.lowtext*)
                0x00000054                __ctors_start = .
 *(.ctors)
                0x00000054                __ctors_end = .
                0x00000054                __dtors_start = .
 *(.dtors)
                0x00000054                __dtors_end = .
 SORT(*)(.ctors)
 SORT(*)(.dtors)
 *(.init0)
 .init0         0x00000054        0x0 D:/Program Files (x86)/7.0/Packs/atmel/ATmega_DFP/1.6.364/gcc/dev/atmega32a/avr5/crtatmega32a.o
                0x00000054                __init
 *(.init0)
 *(.init1)
 *(.init1)
 *(.init2)
 .init2         0x00000054        0xc D:/Program Files (x86)/7.0/Packs/atmel/ATmega_DFP/1.6.364/gcc/dev/atmega32a/avr5/crtatmega32a.o
 *(.init2)
 *(.init3)
 *(.init3)
 *(.init4)
 .init4         0x00000060       0x16 d:/program files (x86)/7.0/toolchain/avr8/avr8-gnu-toolchain/bin/../lib/gcc/avr/5.4.0/avr5\libgcc.a(_copy_data.o)
                0x00000060                __do_copy_data
 .init4         0x00000076       0x10 d:/program files (x86)/7.0/toolchain/avr8/avr8-gnu-toolchain/bin/../lib/gcc/avr/5.4.0/avr5\libgcc.a(_clear_bss.o)
                0x00000076                __do_clear_bss
 *(.init4)
 *(.init5)
 *(.init5)
 *(.init6)
 *(.init6)
 *(.init7)
 *(.init7)
 *(.init8)
 *(.init8)
 *(.init9)
 .init9         0x00000086        0x8 D:/Program Files (x86)/7.0/Packs/atmel/ATmega_DFP/1.6.364/gcc/dev/atmega32a/avr5/crtatmega32a.o
 *(.init9)
 *(.text)
 .text          0x0000008e        0x4 D:/Program Files (x86)/7.0/Packs/atmel/ATmega_DFP/1.6.364/gcc/dev/atmega32a/avr5/crtatmega32a.o
                0x0000008e                __vector_12
                0x0000008e                __bad_interrupt
                0x0000008e                __vector_6
                0x0000008e                __vector_13
                0x0000008e                __vector_17
                0x0000008e                __vector_19
                0x0000008e                __vector_7
                0x0000008e                __vector_5
                0x0000008e                __vector_4
                0x0000008e                __vector_9
                0x0000008e                __vector_15
                0x0000008e                __vector_8
                0x0000008e                __vector_14
                0x0000008e                __vector_10
                0x0000008e                __vector_16
                0x0000008e                __vector_18
                0x0000008e                __vector_20
                0x00000092                . = ALIGN (0x2)
 *(.text.*)
 .text.ADC_voidInit
                0x00000092       0x2c ADC_Program.o
                0x00000092                ADC_voidInit
 .text.ADC_u16StartConversion
                0x000000be       0x1e ADC_Program.o
                0x000000be                ADC_u16StartConversion
 .text.DIO_u8SetPinDirection
                0x000000dc      0x128 DIO_Program.o
                0x000000dc                DIO_u8SetPinDirection
 .text.DIO_u8SetPinValue
                0x00000204      0x13a DIO_Program.o
                0x00000204                DIO_u8SetPinValue
 .text.DIO_u8Set4MSB_BitsValue
                0x0000033e       0x50 DIO_Program.o
                0x0000033e                DIO_u8Set4MSB_BitsValue
 .text.EEPROM_write
                0x0000038e       0x18 eeprom.o
                0x0000038e                EEPROM_write
 .text.EEPROM_read
                0x000003a6       0x12 eeprom.o
                0x000003a6                EEPROM_read
 .text.EXTI_voidINT0_Init
                0x000003b8       0x14 EXTI_Program.o
                0x000003b8                EXTI_voidINT0_Init
 .text.EXTI_voidINT1_Init
                0x000003cc       0x14 EXTI_Program.o
                0x000003cc                EXTI_voidINT1_Init
 .text.EXTI_voidINT2_Init
                0x000003e0        0xe EXTI_Program.o
                0x000003e0                EXTI_voidINT2_Init
 .text.GIE_voidEnable
                0x000003ee        0x8 GIE_Program.o
                0x000003ee                GIE_voidEnable
 .text.fun_adc_temp
                0x000003f6       0x98 main.o
                0x000003f6                fun_adc_temp
 .text.main     0x0000048e      0x1e8 main.o
                0x0000048e                main
 .text.__vector_1
                0x00000676       0x2c main.o
                0x00000676                __vector_1
 .text.__vector_2
                0x000006a2       0x3c main.o
                0x000006a2                __vector_2
 .text.__vector_3
                0x000006de       0x3c main.o
                0x000006de                __vector_3
 .text.__vector_11
                0x0000071a       0x84 main.o
                0x0000071a                __vector_11
 .text.Seven_SEGMENT_INIT
                0x0000079e       0x3e Seven_Segment.o
                0x0000079e                Seven_SEGMENT_INIT
 .text.Seven_SEGMENT_Disable
                0x000007dc       0x16 Seven_Segment.o
                0x000007dc                Seven_SEGMENT_Disable
 .text._7_SEGMENT_READ
                0x000007f2       0x94 Seven_Segment.o
                0x000007f2                _7_SEGMENT_READ
 .text.TIMER0_voidInit
                0x00000886       0x2c Timer_Program.o
                0x00000886                TIMER0_voidInit
 .text.TIMER0_voidSetPreloadValue
                0x000008b2        0x4 Timer_Program.o
                0x000008b2                TIMER0_voidSetPreloadValue
 .text.TIMER2_voidInit
                0x000008b6       0x26 Timer_Program.o
                0x000008b6                TIMER2_voidInit
 .text.TIMER2_voidSetPreloadValue
                0x000008dc        0x4 Timer_Program.o
                0x000008dc                TIMER2_voidSetPreloadValue
 .text.libgcc.mul
                0x000008e0       0x1e d:/program files (x86)/7.0/toolchain/avr8/avr8-gnu-toolchain/bin/../lib/gcc/avr/5.4.0/avr5\libgcc.a(_umulhisi3.o)
                0x000008e0                __umulhisi3
                0x000008fe                . = ALIGN (0x2)
 *(.fini9)
 .fini9         0x000008fe        0x0 d:/program files (x86)/7.0/toolchain/avr8/avr8-gnu-toolchain/bin/../lib/gcc/avr/5.4.0/avr5\libgcc.a(_exit.o)
                0x000008fe                _exit
                0x000008fe                exit
 *(.fini9)
 *(.fini8)
 *(.fini8)
 *(.fini7)
 *(.fini7)
 *(.fini6)
 *(.fini6)
 *(.fini5)
 *(.fini5)
 *(.fini4)
 *(.fini4)
 *(.fini3)
 *(.fini3)
 *(.fini2)
 *(.fini2)
 *(.fini1)
 *(.fini1)
 *(.fini0)
 .fini0         0x000008fe        0x4 d:/program files (x86)/7.0/toolchain/avr8/avr8-gnu-toolchain/bin/../lib/gcc/avr/5.4.0/avr5\libgcc.a(_exit.o)
 *(.fini0)
                0x00000902                _etext = .

.data           0x00800060        0x2 load address 0x00000902
                0x00800060                PROVIDE (__data_start, .)
 *(.data)
 *(.data*)
 .data.f_flag   0x00800060        0x1 main.o
                0x00800060                f_flag
 .data.k        0x00800061        0x1 main.o
                0x00800061                k
 *(.gnu.linkonce.d*)
 *(.rodata)
 *(.rodata*)
 *(.gnu.linkonce.r*)
                0x00800062                . = ALIGN (0x2)
                0x00800062                _edata = .
                0x00800062                PROVIDE (__data_end, .)

.bss            0x00800062       0x20
                0x00800062                PROVIDE (__bss_start, .)
 *(.bss)
 *(.bss*)
 .bss.temp_value.1835
                0x00800062       0x14 main.o
 .bss.i.1834    0x00800076        0x1 main.o
 .bss.D_flag    0x00800077        0x1 main.o
                0x00800077                D_flag
 .bss.D_Count   0x00800078        0x1 main.o
                0x00800078                D_Count
 .bss.b_flag    0x00800079        0x4 main.o
                0x00800079                b_flag
 .bss.bottom3_falg
                0x0080007d        0x1 main.o
                0x0080007d                bottom3_falg
 .bss.bottom2_falg
                0x0080007e        0x1 main.o
                0x0080007e                bottom2_falg
 .bss.bottom1_falg
                0x0080007f        0x1 main.o
                0x0080007f                bottom1_falg
 *(COMMON)
 COMMON         0x00800080        0x2 main.o
                0x00800080                temp
                0x00800082                PROVIDE (__bss_end, .)
                0x00000902                __data_load_start = LOADADDR (.data)
                0x00000904                __data_load_end = (__data_load_start + SIZEOF (.data))

.noinit         0x00800082        0x0
                [!provide]                PROVIDE (__noinit_start, .)
 *(.noinit*)
                [!provide]                PROVIDE (__noinit_end, .)
                0x00800082                _end = .
                [!provide]                PROVIDE (__heap_start, .)

.eeprom         0x00810000        0x0
 *(.eeprom*)
                0x00810000                __eeprom_end = .

.fuse
 *(.fuse)
 *(.lfuse)
 *(.hfuse)
 *(.efuse)

.lock
 *(.lock*)

.signature
 *(.signature*)

.user_signatures
 *(.user_signatures*)

.stab
 *(.stab)

.stabstr
 *(.stabstr)

.stab.excl
 *(.stab.excl)

.stab.exclstr
 *(.stab.exclstr)

.stab.index
 *(.stab.index)

.stab.indexstr
 *(.stab.indexstr)

.comment        0x00000000       0x30
 *(.comment)
 .comment       0x00000000       0x30 ADC_Program.o
                                 0x31 (size before relaxing)
 .comment       0x00000030       0x31 DIO_Program.o
 .comment       0x00000030       0x31 eeprom.o
 .comment       0x00000030       0x31 EXTI_Program.o
 .comment       0x00000030       0x31 GIE_Program.o
 .comment       0x00000030       0x31 main.o
 .comment       0x00000030       0x31 Seven_Segment.o
 .comment       0x00000030       0x31 Timer_Program.o

.note.gnu.avr.deviceinfo
                0x00000000       0x3c
 .note.gnu.avr.deviceinfo
                0x00000000       0x3c D:/Program Files (x86)/7.0/Packs/atmel/ATmega_DFP/1.6.364/gcc/dev/atmega32a/avr5/crtatmega32a.o

.note.gnu.build-id
 *(.note.gnu.build-id)

.debug
 *(.debug)

.line
 *(.line)

.debug_srcinfo
 *(.debug_srcinfo)

.debug_sfnames
 *(.debug_sfnames)

.debug_aranges  0x00000000      0x1c8
 *(.debug_aranges)
 .debug_aranges
                0x00000000       0x28 ADC_Program.o
 .debug_aranges
                0x00000028       0x40 DIO_Program.o
 .debug_aranges
                0x00000068       0x28 eeprom.o
 .debug_aranges
                0x00000090       0x30 EXTI_Program.o
 .debug_aranges
                0x000000c0       0x28 GIE_Program.o
 .debug_aranges
                0x000000e8       0x48 main.o
 .debug_aranges
                0x00000130       0x50 Seven_Segment.o
 .debug_aranges
                0x00000180       0x48 Timer_Program.o

.debug_pubnames
 *(.debug_pubnames)

.debug_info     0x00000000     0x18b5
 *(.debug_info .gnu.linkonce.wi.*)
 .debug_info    0x00000000      0x4e6 D:/Program Files (x86)/7.0/Packs/atmel/ATmega_DFP/1.6.364/gcc/dev/atmega32a/avr5/crtatmega32a.o
 .debug_info    0x000004e6      0x109 ADC_Program.o
 .debug_info    0x000005ef      0x253 DIO_Program.o
 .debug_info    0x00000842      0x16a eeprom.o
 .debug_info    0x000009ac       0xed EXTI_Program.o
 .debug_info    0x00000a99       0xd7 GIE_Program.o
 .debug_info    0x00000b70      0x708 main.o
 .debug_info    0x00001278      0x4c6 Seven_Segment.o
 .debug_info    0x0000173e      0x177 Timer_Program.o

.debug_abbrev   0x00000000      0xb04
 *(.debug_abbrev)
 .debug_abbrev  0x00000000      0x4a3 D:/Program Files (x86)/7.0/Packs/atmel/ATmega_DFP/1.6.364/gcc/dev/atmega32a/avr5/crtatmega32a.o
 .debug_abbrev  0x000004a3       0xa9 ADC_Program.o
 .debug_abbrev  0x0000054c       0xc3 DIO_Program.o
 .debug_abbrev  0x0000060f       0xb4 eeprom.o
 .debug_abbrev  0x000006c3       0x6f EXTI_Program.o
 .debug_abbrev  0x00000732       0x6f GIE_Program.o
 .debug_abbrev  0x000007a1      0x165 main.o
 .debug_abbrev  0x00000906      0x166 Seven_Segment.o
 .debug_abbrev  0x00000a6c       0x98 Timer_Program.o

.debug_line     0x00000000      0xd01
 *(.debug_line .debug_line.* .debug_line_end)
 .debug_line    0x00000000      0x116 D:/Program Files (x86)/7.0/Packs/atmel/ATmega_DFP/1.6.364/gcc/dev/atmega32a/avr5/crtatmega32a.o
 .debug_line    0x00000116       0xb7 ADC_Program.o
 .debug_line    0x000001cd      0x2d5 DIO_Program.o
 .debug_line    0x000004a2       0xb1 eeprom.o
 .debug_line    0x00000553       0xa0 EXTI_Program.o
 .debug_line    0x000005f3       0x6b GIE_Program.o
 .debug_line    0x0000065e      0x36c main.o
 .debug_line    0x000009ca      0x22b Seven_Segment.o
 .debug_line    0x00000bf5      0x10c Timer_Program.o

.debug_frame    0x00000000      0x314
 *(.debug_frame)
 .debug_frame   0x00000000       0x34 ADC_Program.o
 .debug_frame   0x00000034       0x64 DIO_Program.o
 .debug_frame   0x00000098       0x34 eeprom.o
 .debug_frame   0x000000cc       0x44 EXTI_Program.o
 .debug_frame   0x00000110       0x34 GIE_Program.o
 .debug_frame   0x00000144       0xc8 main.o
 .debug_frame   0x0000020c       0x94 Seven_Segment.o
 .debug_frame   0x000002a0       0x74 Timer_Program.o

.debug_str      0x00000000      0x7a1
 *(.debug_str)
 .debug_str     0x00000000      0x196 D:/Program Files (x86)/7.0/Packs/atmel/ATmega_DFP/1.6.364/gcc/dev/atmega32a/avr5/crtatmega32a.o
 .debug_str     0x00000196      0x195 ADC_Program.o
                                0x1c9 (size before relaxing)
 .debug_str     0x0000032b      0x149 DIO_Program.o
                                0x2bb (size before relaxing)
 .debug_str     0x00000474       0x38 eeprom.o
                                0x1fd (size before relaxing)
 .debug_str     0x000004ac       0x4d EXTI_Program.o
                                0x1bf (size before relaxing)
 .debug_str     0x000004f9       0x32 GIE_Program.o
                                0x1a4 (size before relaxing)
 .debug_str     0x0000052b      0x161 main.o
                                0x3e5 (size before relaxing)
 .debug_str     0x0000068c       0xb3 Seven_Segment.o
                                0x303 (size before relaxing)
 .debug_str     0x0000073f       0x62 Timer_Program.o
                                0x22a (size before relaxing)

.debug_loc      0x00000000      0xb72
 *(.debug_loc)
 .debug_loc     0x00000000       0x52 ADC_Program.o
 .debug_loc     0x00000052      0x733 DIO_Program.o
 .debug_loc     0x00000785       0x58 eeprom.o
 .debug_loc     0x000007dd      0x1f1 main.o
 .debug_loc     0x000009ce      0x1a4 Seven_Segment.o

.debug_macinfo
 *(.debug_macinfo)

.debug_weaknames
 *(.debug_weaknames)

.debug_funcnames
 *(.debug_funcnames)

.debug_typenames
 *(.debug_typenames)

.debug_varnames
 *(.debug_varnames)

.debug_pubtypes
 *(.debug_pubtypes)

.debug_ranges   0x00000000      0x160
 *(.debug_ranges)
 .debug_ranges  0x00000000       0x18 ADC_Program.o
 .debug_ranges  0x00000018       0x30 DIO_Program.o
 .debug_ranges  0x00000048       0x18 eeprom.o
 .debug_ranges  0x00000060       0x20 EXTI_Program.o
 .debug_ranges  0x00000080       0x18 GIE_Program.o
 .debug_ranges  0x00000098       0x50 main.o
 .debug_ranges  0x000000e8       0x40 Seven_Segment.o
 .debug_ranges  0x00000128       0x38 Timer_Program.o

.debug_macro
 *(.debug_macro)
OUTPUT(7- Segmant.elf elf32-avr)
LOAD linker stubs
